
> kindred-school-discovery@0.1.0 build
> next build

node.exe : [baseline-browser-mapping] The data in this module is over two 
months old.  To ensure accurate Baseline data, please update: `npm i 
baseline-browser-mapping@latest -D`
At line:1 char:1
+ & "C:\Program Files\nodejs/node.exe" "C:\Program Files\nodejs/node_mo ...
+ ~~~~~~~~~~~~~~~~~~~~~~~~~~~~~~~~~~~~~~~~~~~~~~~~~~~~~~~~~~~~~~~~~~~~~
    + CategoryInfo          : NotSpecified: ([baseline-brows...ping@latest -D` 
   :String) [], RemoteException
    + FullyQualifiedErrorId : NativeCommandError
 
   Γû▓ Next.js 16.0.10 (Turbopack)
   - Environments: .env.local

   Creating an optimized production build ...
[baseline-browser-mapping] The data in this module is over two months old.  To 
ensure accurate Baseline data, please update: `npm i 
baseline-browser-mapping@latest -D`
 Γ£ô Compiled successfully in 3.6s
   Skipping validation of types
   Collecting page data using 15 workers ...
[baseline-browser-mapping] The data in this module is over two months old.  To 
ensure accurate Baseline data, please update: `npm i 
baseline-browser-mapping@latest -D`
[baseline-browser-mapping] The data in this module is over two months old.  To 
ensure accurate Baseline data, please update: `npm i 
baseline-browser-mapping@latest -D`
[baseline-browser-mapping] The data in this module is over two months old.  To 
ensure accurate Baseline data, please update: `npm i 
baseline-browser-mapping@latest -D`
[baseline-browser-mapping] The data in this module is over two months old.  To 
ensure accurate Baseline data, please update: `npm i 
baseline-browser-mapping@latest -D`
[baseline-browser-mapping] The data in this module is over two months old.  To 
ensure accurate Baseline data, please update: `npm i 
baseline-browser-mapping@latest -D`
[baseline-browser-mapping] The data in this module is over two months old.  To 
ensure accurate Baseline data, please update: `npm i 
baseline-browser-mapping@latest -D`
[baseline-browser-mapping] The data in this module is over two months old.  To 
ensure accurate Baseline data, please update: `npm i 
baseline-browser-mapping@latest -D`
[baseline-browser-mapping] The data in this module is over two months old.  To 
ensure accurate Baseline data, please update: `npm i 
baseline-browser-mapping@latest -D`
[baseline-browser-mapping] The data in this module is over two months old.  To 
ensure accurate Baseline data, please update: `npm i 
baseline-browser-mapping@latest -D`
[baseline-browser-mapping] The data in this module is over two months old.  To 
ensure accurate Baseline data, please update: `npm i 
baseline-browser-mapping@latest -D`
[baseline-browser-mapping] The data in this module is over two months old.  To 
ensure accurate Baseline data, please update: `npm i 
baseline-browser-mapping@latest -D`
[baseline-browser-mapping] The data in this module is over two months old.  To 
ensure accurate Baseline data, please update: `npm i 
baseline-browser-mapping@latest -D`
[baseline-browser-mapping] The data in this module is over two months old.  To 
ensure accurate Baseline data, please update: `npm i 
baseline-browser-mapping@latest -D`
[baseline-browser-mapping] The data in this module is over two months old.  To 
ensure accurate Baseline data, please update: `npm i 
baseline-browser-mapping@latest -D`
[baseline-browser-mapping] The data in this module is over two months old.  To 
ensure accurate Baseline data, please update: `npm i 
baseline-browser-mapping@latest -D`
   Generating static pages using 15 workers (0/157) ...
[baseline-browser-mapping] The data in this module is over two months old.  To 
ensure accurate Baseline data, please update: `npm i 
baseline-browser-mapping@latest -D`
[baseline-browser-mapping] The data in this module is over two months old.  To 
ensure accurate Baseline data, please update: `npm i 
baseline-browser-mapping@latest -D`
[baseline-browser-mapping] The data in this module is over two months old.  To 
ensure accurate Baseline data, please update: `npm i 
baseline-browser-mapping@latest -D`
[baseline-browser-mapping] The data in this module is over two months old.  To 
ensure accurate Baseline data, please update: `npm i 
baseline-browser-mapping@latest -D`
[baseline-browser-mapping] The data in this module is over two months old.  To 
ensure accurate Baseline data, please update: `npm i 
baseline-browser-mapping@latest -D`
[baseline-browser-mapping] The data in this module is over two months old.  To 
ensure accurate Baseline data, please update: `npm i 
baseline-browser-mapping@latest -D`
[baseline-browser-mapping] The data in this module is over two months old.  To 
ensure accurate Baseline data, please update: `npm i 
baseline-browser-mapping@latest -D`
Detail query failed for slug neerja-modi-school, falling back to basic query: {
  code: 'PGRST200',
  details: "Searched for a foreign key relationship between 'schools' and 
'school_fees' in the schema 'public', but no matches were found.",
  hint: "Perhaps you meant 'school_types' instead of 'school_fees'.",
  message: "Could not find a relationship between 'schools' and 'school_fees' 
in the schema cache"
}
Detail query failed for slug neerja-modi-school, falling back to basic query: {
  code: 'PGRST200',
  details: "Searched for a foreign key relationship between 'schools' and 
'school_fees' in the schema 'public', but no matches were found.",
  hint: "Perhaps you meant 'school_types' instead of 'school_fees'.",
  message: "Could not find a relationship between 'schools' and 'school_fees' 
in the schema cache"
}
Detail query failed for slug chinmaya-international-residential-school, 
falling back to basic query: {
  code: 'PGRST200',
  details: "Searched for a foreign key relationship between 'schools' and 
'school_fees' in the schema 'public', but no matches were found.",
  hint: "Perhaps you meant 'school_types' instead of 'school_fees'.",
  message: "Could not find a relationship between 'schools' and 'school_fees' 
in the schema cache"
}
Detail query failed for slug chinmaya-international-residential-school, 
falling back to basic query: {
  code: 'PGRST200',
  details: "Searched for a foreign key relationship between 'schools' and 
'school_fees' in the schema 'public', but no matches were found.",
  hint: "Perhaps you meant 'school_types' instead of 'school_fees'.",
  message: "Could not find a relationship between 'schools' and 'school_fees' 
in the schema cache"
}
Detail query failed for slug bharatiya-vidya-bhavan-school, falling back to 
basic query: {
  code: 'PGRST200',
  details: "Searched for a foreign key relationship between 'schools' and 
'school_fees' in the schema 'public', but no matches were found.",
  hint: "Perhaps you meant 'school_types' instead of 'school_fees'.",
  message: "Could not find a relationship between 'schools' and 'school_fees' 
in the schema cache"
}
Detail query failed for slug bharatiya-vidya-bhavan-school, falling back to 
basic query: {
  code: 'PGRST200',
  details: "Searched for a foreign key relationship between 'schools' and 
'school_fees' in the schema 'public', but no matches were found.",
  hint: "Perhaps you meant 'school_types' instead of 'school_fees'.",
  message: "Could not find a relationship between 'schools' and 'school_fees' 
in the schema cache"
}
Detail query failed for slug hyderabad-public-school-begumpet, falling back to 
basic query: {
  code: 'PGRST200',
  details: "Searched for a foreign key relationship between 'schools' and 
'school_fees' in the schema 'public', but no matches were found.",
  hint: "Perhaps you meant 'school_types' instead of 'school_fees'.",
  message: "Could not find a relationship between 'schools' and 'school_fees' 
in the schema cache"
}
Detail query failed for slug hyderabad-public-school-begumpet, falling back to 
basic query: {
  code: 'PGRST200',
  details: "Searched for a foreign key relationship between 'schools' and 
'school_fees' in the schema 'public', but no matches were found.",
  hint: "Perhaps you meant 'school_types' instead of 'school_fees'.",
  message: "Could not find a relationship between 'schools' and 'school_fees' 
in the schema cache"
}
Detail query failed for slug army-public-school-dhaula-kuan, falling back to 
basic query: {
  code: 'PGRST200',
  details: "Searched for a foreign key relationship between 'schools' and 
'school_fees' in the schema 'public', but no matches were found.",
  hint: "Perhaps you meant 'school_types' instead of 'school_fees'.",
  message: "Could not find a relationship between 'schools' and 'school_fees' 
in the schema cache"
}
Detail query failed for slug army-public-school-dhaula-kuan, falling back to 
basic query: {
  code: 'PGRST200',
  details: "Searched for a foreign key relationship between 'schools' and 
'school_fees' in the schema 'public', but no matches were found.",
  hint: "Perhaps you meant 'school_types' instead of 'school_fees'.",
  message: "Could not find a relationship between 'schools' and 'school_fees' 
in the schema cache"
}
Detail query failed for slug modern-school-barakhamba, falling back to basic 
query: {
  code: 'PGRST200',
  details: "Searched for a foreign key relationship between 'schools' and 
'school_fees' in the schema 'public', but no matches were found.",
  hint: "Perhaps you meant 'school_types' instead of 'school_fees'.",
  message: "Could not find a relationship between 'schools' and 'school_fees' 
in the schema cache"
}
Detail query failed for slug modern-school-barakhamba, falling back to basic 
query: {
  code: 'PGRST200',
  details: "Searched for a foreign key relationship between 'schools' and 
'school_fees' in the schema 'public', but no matches were found.",
  hint: "Perhaps you meant 'school_types' instead of 'school_fees'.",
  message: "Could not find a relationship between 'schools' and 'school_fees' 
in the schema cache"
}
Detail query failed for slug inventure-academy, falling back to basic query: {
  code: 'PGRST200',
  details: "Searched for a foreign key relationship between 'schools' and 
'school_fees' in the schema 'public', but no matches were found.",
  hint: "Perhaps you meant 'school_types' instead of 'school_fees'.",
  message: "Could not find a relationship between 'schools' and 'school_fees' 
in the schema cache"
}
Detail query failed for slug inventure-academy, falling back to basic query: {
  code: 'PGRST200',
  details: "Searched for a foreign key relationship between 'schools' and 
'school_fees' in the schema 'public', but no matches were found.",
  hint: "Perhaps you meant 'school_types' instead of 'school_fees'.",
  message: "Could not find a relationship between 'schools' and 'school_fees' 
in the schema cache"
}
Detail query failed for slug the-riverside-school, falling back to basic 
query: {
  code: 'PGRST200',
  details: "Searched for a foreign key relationship between 'schools' and 
'school_fees' in the schema 'public', but no matches were found.",
  hint: "Perhaps you meant 'school_types' instead of 'school_fees'.",
  message: "Could not find a relationship between 'schools' and 'school_fees' 
in the schema cache"
}
Detail query failed for slug the-riverside-school, falling back to basic 
query: {
  code: 'PGRST200',
  details: "Searched for a foreign key relationship between 'schools' and 
'school_fees' in the schema 'public', but no matches were found.",
  hint: "Perhaps you meant 'school_types' instead of 'school_fees'.",
  message: "Could not find a relationship between 'schools' and 'school_fees' 
in the schema cache"
}
Detail query failed for slug good-shepherd-international-school, falling back 
to basic query: {
  code: 'PGRST200',
  details: "Searched for a foreign key relationship between 'schools' and 
'school_fees' in the schema 'public', but no matches were found.",
  hint: "Perhaps you meant 'school_types' instead of 'school_fees'.",
  message: "Could not find a relationship between 'schools' and 'school_fees' 
in the schema cache"
}
Detail query failed for slug good-shepherd-international-school, falling back 
to basic query: {
  code: 'PGRST200',
  details: "Searched for a foreign key relationship between 'schools' and 
'school_fees' in the schema 'public', but no matches were found.",
  hint: "Perhaps you meant 'school_types' instead of 'school_fees'.",
  message: "Could not find a relationship between 'schools' and 'school_fees' 
in the schema cache"
}
Detail query failed for slug oberoi-international-school, falling back to 
basic query: {
  code: 'PGRST200',
  details: "Searched for a foreign key relationship between 'schools' and 
'school_fees' in the schema 'public', but no matches were found.",
  hint: "Perhaps you meant 'school_types' instead of 'school_fees'.",
  message: "Could not find a relationship between 'schools' and 'school_fees' 
in the schema cache"
}
Detail query failed for slug oberoi-international-school, falling back to 
basic query: {
  code: 'PGRST200',
  details: "Searched for a foreign key relationship between 'schools' and 
'school_fees' in the schema 'public', but no matches were found.",
  hint: "Perhaps you meant 'school_types' instead of 'school_fees'.",
  message: "Could not find a relationship between 'schools' and 'school_fees' 
in the schema cache"
}
Detail query failed for slug kodaikanal-international-school, falling back to 
basic query: {
  code: 'PGRST200',
  details: "Searched for a foreign key relationship between 'schools' and 
'school_fees' in the schema 'public', but no matches were found.",
  hint: "Perhaps you meant 'school_types' instead of 'school_fees'.",
  message: "Could not find a relationship between 'schools' and 'school_fees' 
in the schema cache"
}
Detail query failed for slug kodaikanal-international-school, falling back to 
basic query: {
  code: 'PGRST200',
  details: "Searched for a foreign key relationship between 'schools' and 
'school_fees' in the schema 'public', but no matches were found.",
  hint: "Perhaps you meant 'school_types' instead of 'school_fees'.",
  message: "Could not find a relationship between 'schools' and 'school_fees' 
in the schema cache"
}
Detail query failed for slug indus-international-school-bangalore, falling 
back to basic query: {
  code: 'PGRST200',
  details: "Searched for a foreign key relationship between 'schools' and 
'school_fees' in the schema 'public', but no matches were found.",
  hint: "Perhaps you meant 'school_types' instead of 'school_fees'.",
  message: "Could not find a relationship between 'schools' and 'school_fees' 
in the schema cache"
}
Detail query failed for slug indus-international-school-bangalore, falling 
back to basic query: {
  code: 'PGRST200',
  details: "Searched for a foreign key relationship between 'schools' and 
'school_fees' in the schema 'public', but no matches were found.",
  hint: "Perhaps you meant 'school_types' instead of 'school_fees'.",
  message: "Could not find a relationship between 'schools' and 'school_fees' 
in the schema cache"
}
Detail query failed for slug cathedral-and-john-connon-school, falling back to 
basic query: {
  code: 'PGRST200',
  details: "Searched for a foreign key relationship between 'schools' and 
'school_fees' in the schema 'public', but no matches were found.",
  hint: "Perhaps you meant 'school_types' instead of 'school_fees'.",
  message: "Could not find a relationship between 'schools' and 'school_fees' 
in the schema cache"
}
Detail query failed for slug cathedral-and-john-connon-school, falling back to 
basic query: {
  code: 'PGRST200',
  details: "Searched for a foreign key relationship between 'schools' and 
'school_fees' in the schema 'public', but no matches were found.",
  hint: "Perhaps you meant 'school_types' instead of 'school_fees'.",
  message: "Could not find a relationship between 'schools' and 'school_fees' 
in the schema cache"
}
Detail query failed for slug aditya-birla-world-academy, falling back to basic 
query: {
  code: 'PGRST200',
  details: "Searched for a foreign key relationship between 'schools' and 
'school_fees' in the schema 'public', but no matches were found.",
  hint: "Perhaps you meant 'school_types' instead of 'school_fees'.",
  message: "Could not find a relationship between 'schools' and 'school_fees' 
in the schema cache"
}
Detail query failed for slug aditya-birla-world-academy, falling back to basic 
query: {
  code: 'PGRST200',
  details: "Searched for a foreign key relationship between 'schools' and 
'school_fees' in the schema 'public', but no matches were found.",
  hint: "Perhaps you meant 'school_types' instead of 'school_fees'.",
  message: "Could not find a relationship between 'schools' and 'school_fees' 
in the schema cache"
}
Detail query failed for slug the-doon-school, falling back to basic query: {
  code: 'PGRST200',
  details: "Searched for a foreign key relationship between 'schools' and 
'school_fees' in the schema 'public', but no matches were found.",
  hint: "Perhaps you meant 'school_types' instead of 'school_fees'.",
  message: "Could not find a relationship between 'schools' and 'school_fees' 
in the schema cache"
}
Detail query failed for slug the-doon-school, falling back to basic query: {
  code: 'PGRST200',
  details: "Searched for a foreign key relationship between 'schools' and 
'school_fees' in the schema 'public', but no matches were found.",
  hint: "Perhaps you meant 'school_types' instead of 'school_fees'.",
  message: "Could not find a relationship between 'schools' and 'school_fees' 
in the schema cache"
}
Detail query failed for slug jamnabai-narsee-school, falling back to basic 
query: {
  code: 'PGRST200',
  details: "Searched for a foreign key relationship between 'schools' and 
'school_fees' in the schema 'public', but no matches were found.",
  hint: "Perhaps you meant 'school_types' instead of 'school_fees'.",
  message: "Could not find a relationship between 'schools' and 'school_fees' 
in the schema cache"
}
Detail query failed for slug jamnabai-narsee-school, falling back to basic 
query: {
  code: 'PGRST200',
  details: "Searched for a foreign key relationship between 'schools' and 
'school_fees' in the schema 'public', but no matches were found.",
  hint: "Perhaps you meant 'school_types' instead of 'school_fees'.",
  message: "Could not find a relationship between 'schools' and 'school_fees' 
in the schema cache"
}
   Generating static pages using 15 workers (39/157) 
Detail query failed for slug la-martiniere-girls-college-lucknow, falling back 
to basic query: {
  code: 'PGRST200',
  details: "Searched for a foreign key relationship between 'schools' and 
'school_fees' in the schema 'public', but no matches were found.",
  hint: "Perhaps you meant 'school_types' instead of 'school_fees'.",
  message: "Could not find a relationship between 'schools' and 'school_fees' 
in the schema cache"
}
Detail query failed for slug la-martiniere-girls-college-lucknow, falling back 
to basic query: {
  code: 'PGRST200',
  details: "Searched for a foreign key relationship between 'schools' and 
'school_fees' in the schema 'public', but no matches were found.",
  hint: "Perhaps you meant 'school_types' instead of 'school_fees'.",
  message: "Could not find a relationship between 'schools' and 'school_fees' 
in the schema cache"
}
Detail query failed for slug mallya-aditi-international-school, falling back 
to basic query: {
  code: 'PGRST200',
  details: "Searched for a foreign key relationship between 'schools' and 
'school_fees' in the schema 'public', but no matches were found.",
  hint: "Perhaps you meant 'school_types' instead of 'school_fees'.",
  message: "Could not find a relationship between 'schools' and 'school_fees' 
in the schema cache"
}
Detail query failed for slug mallya-aditi-international-school, falling back 
to basic query: {
  code: 'PGRST200',
  details: "Searched for a foreign key relationship between 'schools' and 
'school_fees' in the schema 'public', but no matches were found.",
  hint: "Perhaps you meant 'school_types' instead of 'school_fees'.",
  message: "Could not find a relationship between 'schools' and 'school_fees' 
in the schema cache"
}
Detail query failed for slug woodstock-school, falling back to basic query: {
  code: 'PGRST200',
  details: "Searched for a foreign key relationship between 'schools' and 
'school_fees' in the schema 'public', but no matches were found.",
  hint: "Perhaps you meant 'school_types' instead of 'school_fees'.",
  message: "Could not find a relationship between 'schools' and 'school_fees' 
in the schema cache"
}
Detail query failed for slug woodstock-school, falling back to basic query: {
  code: 'PGRST200',
  details: "Searched for a foreign key relationship between 'schools' and 
'school_fees' in the schema 'public', but no matches were found.",
  hint: "Perhaps you meant 'school_types' instead of 'school_fees'.",
  message: "Could not find a relationship between 'schools' and 'school_fees' 
in the schema cache"
}
Detail query failed for slug sanskriti-school, falling back to basic query: {
  code: 'PGRST200',
  details: "Searched for a foreign key relationship between 'schools' and 
'school_fees' in the schema 'public', but no matches were found.",
  hint: "Perhaps you meant 'school_types' instead of 'school_fees'.",
  message: "Could not find a relationship between 'schools' and 'school_fees' 
in the schema cache"
}
Detail query failed for slug sanskriti-school, falling back to basic query: {
  code: 'PGRST200',
  details: "Searched for a foreign key relationship between 'schools' and 
'school_fees' in the schema 'public', but no matches were found.",
  hint: "Perhaps you meant 'school_types' instead of 'school_fees'.",
  message: "Could not find a relationship between 'schools' and 'school_fees' 
in the schema cache"
}
Detail query failed for slug sherwood-college, falling back to basic query: {
  code: 'PGRST200',
  details: "Searched for a foreign key relationship between 'schools' and 
'school_fees' in the schema 'public', but no matches were found.",
  hint: "Perhaps you meant 'school_types' instead of 'school_fees'.",
  message: "Could not find a relationship between 'schools' and 'school_fees' 
in the schema cache"
}
Detail query failed for slug sherwood-college, falling back to basic query: {
  code: 'PGRST200',
  details: "Searched for a foreign key relationship between 'schools' and 
'school_fees' in the schema 'public', but no matches were found.",
  hint: "Perhaps you meant 'school_types' instead of 'school_fees'.",
  message: "Could not find a relationship between 'schools' and 'school_fees' 
in the schema cache"
}
Detail query failed for slug oakridge-international-school-hyderabad, falling 
back to basic query: {
  code: 'PGRST200',
  details: "Searched for a foreign key relationship between 'schools' and 
'school_fees' in the schema 'public', but no matches were found.",
  hint: "Perhaps you meant 'school_types' instead of 'school_fees'.",
  message: "Could not find a relationship between 'schools' and 'school_fees' 
in the schema cache"
}
Detail query failed for slug oakridge-international-school-hyderabad, falling 
back to basic query: {
  code: 'PGRST200',
  details: "Searched for a foreign key relationship between 'schools' and 
'school_fees' in the schema 'public', but no matches were found.",
  hint: "Perhaps you meant 'school_types' instead of 'school_fees'.",
  message: "Could not find a relationship between 'schools' and 'school_fees' 
in the schema cache"
}
Detail query failed for slug the-shri-ram-school, falling back to basic query: 
{
  code: 'PGRST200',
  details: "Searched for a foreign key relationship between 'schools' and 
'school_fees' in the schema 'public', but no matches were found.",
  hint: "Perhaps you meant 'school_types' instead of 'school_fees'.",
  message: "Could not find a relationship between 'schools' and 'school_fees' 
in the schema cache"
}
Detail query failed for slug the-shri-ram-school, falling back to basic query: 
{
  code: 'PGRST200',
  details: "Searched for a foreign key relationship between 'schools' and 
'school_fees' in the schema 'public', but no matches were found.",
  hint: "Perhaps you meant 'school_types' instead of 'school_fees'.",
  message: "Could not find a relationship between 'schools' and 'school_fees' 
in the schema cache"
}
Detail query failed for slug sishya-school-chennai, falling back to basic 
query: {
  code: 'PGRST200',
  details: "Searched for a foreign key relationship between 'schools' and 
'school_fees' in the schema 'public', but no matches were found.",
  hint: "Perhaps you meant 'school_types' instead of 'school_fees'.",
  message: "Could not find a relationship between 'schools' and 'school_fees' 
in the schema cache"
}
Detail query failed for slug sishya-school-chennai, falling back to basic 
query: {
  code: 'PGRST200',
  details: "Searched for a foreign key relationship between 'schools' and 
'school_fees' in the schema 'public', but no matches were found.",
  hint: "Perhaps you meant 'school_types' instead of 'school_fees'.",
  message: "Could not find a relationship between 'schools' and 'school_fees' 
in the schema cache"
}
   Generating static pages using 15 workers (78/157) 
Detail query failed for slug lawrence-school-sanawar, falling back to basic 
query: {
  code: 'PGRST200',
  details: "Searched for a foreign key relationship between 'schools' and 
'school_fees' in the schema 'public', but no matches were found.",
  hint: "Perhaps you meant 'school_types' instead of 'school_fees'.",
  message: "Could not find a relationship between 'schools' and 'school_fees' 
in the schema cache"
}
Detail query failed for slug lawrence-school-sanawar, falling back to basic 
query: {
  code: 'PGRST200',
  details: "Searched for a foreign key relationship between 'schools' and 
'school_fees' in the schema 'public', but no matches were found.",
  hint: "Perhaps you meant 'school_types' instead of 'school_fees'.",
  message: "Could not find a relationship between 'schools' and 'school_fees' 
in the schema cache"
}
Detail query failed for slug vasant-valley-school, falling back to basic 
query: {
  code: 'PGRST200',
  details: "Searched for a foreign key relationship between 'schools' and 
'school_fees' in the schema 'public', but no matches were found.",
  hint: "Perhaps you meant 'school_types' instead of 'school_fees'.",
  message: "Could not find a relationship between 'schools' and 'school_fees' 
in the schema cache"
}
Detail query failed for slug vasant-valley-school, falling back to basic 
query: {
  code: 'PGRST200',
  details: "Searched for a foreign key relationship between 'schools' and 
'school_fees' in the schema 'public', but no matches were found.",
  hint: "Perhaps you meant 'school_types' instead of 'school_fees'.",
  message: "Could not find a relationship between 'schools' and 'school_fees' 
in the schema cache"
}
Detail query failed for slug dhirubhai-ambani-international-school, falling 
back to basic query: {
  code: 'PGRST200',
  details: "Searched for a foreign key relationship between 'schools' and 
'school_fees' in the schema 'public', but no matches were found.",
  hint: "Perhaps you meant 'school_types' instead of 'school_fees'.",
  message: "Could not find a relationship between 'schools' and 'school_fees' 
in the schema cache"
}
Detail query failed for slug dhirubhai-ambani-international-school, falling 
back to basic query: {
  code: 'PGRST200',
  details: "Searched for a foreign key relationship between 'schools' and 
'school_fees' in the schema 'public', but no matches were found.",
  hint: "Perhaps you meant 'school_types' instead of 'school_fees'.",
  message: "Could not find a relationship between 'schools' and 'school_fees' 
in the schema cache"
}
Detail query failed for slug pathways-school-noida, falling back to basic 
query: {
  code: 'PGRST200',
  details: "Searched for a foreign key relationship between 'schools' and 
'school_fees' in the schema 'public', but no matches were found.",
  hint: "Perhaps you meant 'school_types' instead of 'school_fees'.",
  message: "Could not find a relationship between 'schools' and 'school_fees' 
in the schema cache"
}
Detail query failed for slug pathways-school-noida, falling back to basic 
query: {
  code: 'PGRST200',
  details: "Searched for a foreign key relationship between 'schools' and 
'school_fees' in the schema 'public', but no matches were found.",
  hint: "Perhaps you meant 'school_types' instead of 'school_fees'.",
  message: "Could not find a relationship between 'schools' and 'school_fees' 
in the schema cache"
}
Detail query failed for slug national-public-school-bangalore, falling back to 
basic query: {
  code: 'PGRST200',
  details: "Searched for a foreign key relationship between 'schools' and 
'school_fees' in the schema 'public', but no matches were found.",
  hint: "Perhaps you meant 'school_types' instead of 'school_fees'.",
  message: "Could not find a relationship between 'schools' and 'school_fees' 
in the schema cache"
}
Detail query failed for slug national-public-school-bangalore, falling back to 
basic query: {
  code: 'PGRST200',
  details: "Searched for a foreign key relationship between 'schools' and 
'school_fees' in the schema 'public', but no matches were found.",
  hint: "Perhaps you meant 'school_types' instead of 'school_fees'.",
  message: "Could not find a relationship between 'schools' and 'school_fees' 
in the schema cache"
}
Detail query failed for slug amity-international-school-noida, falling back to 
basic query: {
  code: 'PGRST200',
  details: "Searched for a foreign key relationship between 'schools' and 
'school_fees' in the schema 'public', but no matches were found.",
  hint: "Perhaps you meant 'school_types' instead of 'school_fees'.",
  message: "Could not find a relationship between 'schools' and 'school_fees' 
in the schema cache"
}
Detail query failed for slug amity-international-school-noida, falling back to 
basic query: {
  code: 'PGRST200',
  details: "Searched for a foreign key relationship between 'schools' and 
'school_fees' in the schema 'public', but no matches were found.",
  hint: "Perhaps you meant 'school_types' instead of 'school_fees'.",
  message: "Could not find a relationship between 'schools' and 'school_fees' 
in the schema cache"
}
Detail query failed for slug scindia-school, falling back to basic query: {
  code: 'PGRST200',
  details: "Searched for a foreign key relationship between 'schools' and 
'school_fees' in the schema 'public', but no matches were found.",
  hint: "Perhaps you meant 'school_types' instead of 'school_fees'.",
  message: "Could not find a relationship between 'schools' and 'school_fees' 
in the schema cache"
}
Detail query failed for slug scindia-school, falling back to basic query: {
  code: 'PGRST200',
  details: "Searched for a foreign key relationship between 'schools' and 
'school_fees' in the schema 'public', but no matches were found.",
  hint: "Perhaps you meant 'school_types' instead of 'school_fees'.",
  message: "Could not find a relationship between 'schools' and 'school_fees' 
in the schema cache"
}
Detail query failed for slug bishop-cotton-school-shimla, falling back to 
basic query: {
  code: 'PGRST200',
  details: "Searched for a foreign key relationship between 'schools' and 
'school_fees' in the schema 'public', but no matches were found.",
  hint: "Perhaps you meant 'school_types' instead of 'school_fees'.",
  message: "Could not find a relationship between 'schools' and 'school_fees' 
in the schema cache"
}
Detail query failed for slug bishop-cotton-school-shimla, falling back to 
basic query: {
  code: 'PGRST200',
  details: "Searched for a foreign key relationship between 'schools' and 
'school_fees' in the schema 'public', but no matches were found.",
  hint: "Perhaps you meant 'school_types' instead of 'school_fees'.",
  message: "Could not find a relationship between 'schools' and 'school_fees' 
in the schema cache"
}
Detail query failed for slug ryan-international-school-mumbai, falling back to 
basic query: {
  code: 'PGRST200',
  details: "Searched for a foreign key relationship between 'schools' and 
'school_fees' in the schema 'public', but no matches were found.",
  hint: "Perhaps you meant 'school_types' instead of 'school_fees'.",
  message: "Could not find a relationship between 'schools' and 'school_fees' 
in the schema cache"
}
Detail query failed for slug ryan-international-school-mumbai, falling back to 
basic query: {
  code: 'PGRST200',
  details: "Searched for a foreign key relationship between 'schools' and 
'school_fees' in the schema 'public', but no matches were found.",
  hint: "Perhaps you meant 'school_types' instead of 'school_fees'.",
  message: "Could not find a relationship between 'schools' and 'school_fees' 
in the schema cache"
}
Detail query failed for slug gd-goenka-world-school, falling back to basic 
query: {
  code: 'PGRST200',
  details: "Searched for a foreign key relationship between 'schools' and 
'school_fees' in the schema 'public', but no matches were found.",
  hint: "Perhaps you meant 'school_types' instead of 'school_fees'.",
  message: "Could not find a relationship between 'schools' and 'school_fees' 
in the schema cache"
}
Detail query failed for slug gd-goenka-world-school, falling back to basic 
query: {
  code: 'PGRST200',
  details: "Searched for a foreign key relationship between 'schools' and 
'school_fees' in the schema 'public', but no matches were found.",
  hint: "Perhaps you meant 'school_types' instead of 'school_fees'.",
  message: "Could not find a relationship between 'schools' and 'school_fees' 
in the schema cache"
}
   Generating static pages using 15 workers (117/157) 
Detail query failed for slug heritage-xperiential-learning-school, falling 
back to basic query: {
  code: 'PGRST200',
  details: "Searched for a foreign key relationship between 'schools' and 
'school_fees' in the schema 'public', but no matches were found.",
  hint: "Perhaps you meant 'school_types' instead of 'school_fees'.",
  message: "Could not find a relationship between 'schools' and 'school_fees' 
in the schema cache"
}
Detail query failed for slug heritage-xperiential-learning-school, falling 
back to basic query: {
  code: 'PGRST200',
  details: "Searched for a foreign key relationship between 'schools' and 
'school_fees' in the schema 'public', but no matches were found.",
  hint: "Perhaps you meant 'school_types' instead of 'school_fees'.",
  message: "Could not find a relationship between 'schools' and 'school_fees' 
in the schema cache"
}
Detail query failed for slug st-marys-school-pune, falling back to basic 
query: {
  code: 'PGRST200',
  details: "Searched for a foreign key relationship between 'schools' and 
'school_fees' in the schema 'public', but no matches were found.",
  hint: "Perhaps you meant 'school_types' instead of 'school_fees'.",
  message: "Could not find a relationship between 'schools' and 'school_fees' 
in the schema cache"
}
Detail query failed for slug st-marys-school-pune, falling back to basic 
query: {
  code: 'PGRST200',
  details: "Searched for a foreign key relationship between 'schools' and 
'school_fees' in the schema 'public', but no matches were found.",
  hint: "Perhaps you meant 'school_types' instead of 'school_fees'.",
  message: "Could not find a relationship between 'schools' and 'school_fees' 
in the schema cache"
}
Detail query failed for slug la-martiniere-college-lucknow, falling back to 
basic query: {
  code: 'PGRST200',
  details: "Searched for a foreign key relationship between 'schools' and 
'school_fees' in the schema 'public', but no matches were found.",
  hint: "Perhaps you meant 'school_types' instead of 'school_fees'.",
  message: "Could not find a relationship between 'schools' and 'school_fees' 
in the schema cache"
}
Detail query failed for slug la-martiniere-college-lucknow, falling back to 
basic query: {
  code: 'PGRST200',
  details: "Searched for a foreign key relationship between 'schools' and 
'school_fees' in the schema 'public', but no matches were found.",
  hint: "Perhaps you meant 'school_types' instead of 'school_fees'.",
  message: "Could not find a relationship between 'schools' and 'school_fees' 
in the schema cache"
}
Detail query failed for slug mayo-college, falling back to basic query: {
  code: 'PGRST200',
  details: "Searched for a foreign key relationship between 'schools' and 
'school_fees' in the schema 'public', but no matches were found.",
  hint: "Perhaps you meant 'school_types' instead of 'school_fees'.",
  message: "Could not find a relationship between 'schools' and 'school_fees' 
in the schema cache"
}
Detail query failed for slug mayo-college, falling back to basic query: {
  code: 'PGRST200',
  details: "Searched for a foreign key relationship between 'schools' and 
'school_fees' in the schema 'public', but no matches were found.",
  hint: "Perhaps you meant 'school_types' instead of 'school_fees'.",
  message: "Could not find a relationship between 'schools' and 'school_fees' 
in the schema cache"
}
Detail query failed for slug jayshree-periwal-international-school, falling 
back to basic query: {
  code: 'PGRST200',
  details: "Searched for a foreign key relationship between 'schools' and 
'school_fees' in the schema 'public', but no matches were found.",
  hint: "Perhaps you meant 'school_types' instead of 'school_fees'.",
  message: "Could not find a relationship between 'schools' and 'school_fees' 
in the schema cache"
}
Detail query failed for slug jayshree-periwal-international-school, falling 
back to basic query: {
  code: 'PGRST200',
  details: "Searched for a foreign key relationship between 'schools' and 
'school_fees' in the schema 'public', but no matches were found.",
  hint: "Perhaps you meant 'school_types' instead of 'school_fees'.",
  message: "Could not find a relationship between 'schools' and 'school_fees' 
in the schema cache"
}
Detail query failed for slug step-by-step-school, falling back to basic query: 
{
  code: 'PGRST200',
  details: "Searched for a foreign key relationship between 'schools' and 
'school_fees' in the schema 'public', but no matches were found.",
  hint: "Perhaps you meant 'school_types' instead of 'school_fees'.",
  message: "Could not find a relationship between 'schools' and 'school_fees' 
in the schema cache"
}
Detail query failed for slug step-by-step-school, falling back to basic query: 
{
  code: 'PGRST200',
  details: "Searched for a foreign key relationship between 'schools' and 
'school_fees' in the schema 'public', but no matches were found.",
  hint: "Perhaps you meant 'school_types' instead of 'school_fees'.",
  message: "Could not find a relationship between 'schools' and 'school_fees' 
in the schema cache"
}
Detail query failed for slug bombay-scottish-school, falling back to basic 
query: {
  code: 'PGRST200',
  details: "Searched for a foreign key relationship between 'schools' and 
'school_fees' in the schema 'public', but no matches were found.",
  hint: "Perhaps you meant 'school_types' instead of 'school_fees'.",
  message: "Could not find a relationship between 'schools' and 'school_fees' 
in the schema cache"
}
Detail query failed for slug bombay-scottish-school, falling back to basic 
query: {
  code: 'PGRST200',
  details: "Searched for a foreign key relationship between 'schools' and 
'school_fees' in the schema 'public', but no matches were found.",
  hint: "Perhaps you meant 'school_types' instead of 'school_fees'.",
  message: "Could not find a relationship between 'schools' and 'school_fees' 
in the schema cache"
}
Detail query failed for slug sai-international-school, falling back to basic 
query: {
  code: 'PGRST200',
  details: "Searched for a foreign key relationship between 'schools' and 
'school_fees' in the schema 'public', but no matches were found.",
  hint: "Perhaps you meant 'school_types' instead of 'school_fees'.",
  message: "Could not find a relationship between 'schools' and 'school_fees' 
in the schema cache"
}
Detail query failed for slug sai-international-school, falling back to basic 
query: {
  code: 'PGRST200',
  details: "Searched for a foreign key relationship between 'schools' and 
'school_fees' in the schema 'public', but no matches were found.",
  hint: "Perhaps you meant 'school_types' instead of 'school_fees'.",
  message: "Could not find a relationship between 'schools' and 'school_fees' 
in the schema cache"
}
Detail query failed for slug rishi-valley-school, falling back to basic query: 
{
  code: 'PGRST200',
  details: "Searched for a foreign key relationship between 'schools' and 
'school_fees' in the schema 'public', but no matches were found.",
  hint: "Perhaps you meant 'school_types' instead of 'school_fees'.",
  message: "Could not find a relationship between 'schools' and 'school_fees' 
in the schema cache"
}
Detail query failed for slug rishi-valley-school, falling back to basic query: 
{
  code: 'PGRST200',
  details: "Searched for a foreign key relationship between 'schools' and 
'school_fees' in the schema 'public', but no matches were found.",
  hint: "Perhaps you meant 'school_types' instead of 'school_fees'.",
  message: "Could not find a relationship between 'schools' and 'school_fees' 
in the schema cache"
}
Detail query failed for slug dps-rk-puram, falling back to basic query: {
  code: 'PGRST200',
  details: "Searched for a foreign key relationship between 'schools' and 
'school_fees' in the schema 'public', but no matches were found.",
  hint: "Perhaps you meant 'school_types' instead of 'school_fees'.",
  message: "Could not find a relationship between 'schools' and 'school_fees' 
in the schema cache"
}
Detail query failed for slug dps-rk-puram, falling back to basic query: {
  code: 'PGRST200',
  details: "Searched for a foreign key relationship between 'schools' and 
'school_fees' in the schema 'public', but no matches were found.",
  hint: "Perhaps you meant 'school_types' instead of 'school_fees'.",
  message: "Could not find a relationship between 'schools' and 'school_fees' 
in the schema cache"
}
Detail query failed for slug st-xaviers-collegiate-school, falling back to 
basic query: {
  code: 'PGRST200',
  details: "Searched for a foreign key relationship between 'schools' and 
'school_fees' in the schema 'public', but no matches were found.",
  hint: "Perhaps you meant 'school_types' instead of 'school_fees'.",
  message: "Could not find a relationship between 'schools' and 'school_fees' 
in the schema cache"
}
Detail query failed for slug st-xaviers-collegiate-school, falling back to 
basic query: {
  code: 'PGRST200',
  details: "Searched for a foreign key relationship between 'schools' and 
'school_fees' in the schema 'public', but no matches were found.",
  hint: "Perhaps you meant 'school_types' instead of 'school_fees'.",
  message: "Could not find a relationship between 'schools' and 'school_fees' 
in the schema cache"
}
Detail query failed for slug vidya-niketan-school-bangalore, falling back to 
basic query: {
  code: 'PGRST200',
  details: "Searched for a foreign key relationship between 'schools' and 
'school_fees' in the schema 'public', but no matches were found.",
  hint: "Perhaps you meant 'school_types' instead of 'school_fees'.",
  message: "Could not find a relationship between 'schools' and 'school_fees' 
in the schema cache"
}
Detail query failed for slug vidya-niketan-school-bangalore, falling back to 
basic query: {
  code: 'PGRST200',
  details: "Searched for a foreign key relationship between 'schools' and 
'school_fees' in the schema 'public', but no matches were found.",
  hint: "Perhaps you meant 'school_types' instead of 'school_fees'.",
  message: "Could not find a relationship between 'schools' and 'school_fees' 
in the schema cache"
}
Detail query failed for slug emerald-heights-international-school, falling 
back to basic query: {
  code: 'PGRST200',
  details: "Searched for a foreign key relationship between 'schools' and 
'school_fees' in the schema 'public', but no matches were found.",
  hint: "Perhaps you meant 'school_types' instead of 'school_fees'.",
  message: "Could not find a relationship between 'schools' and 'school_fees' 
in the schema cache"
}
Detail query failed for slug emerald-heights-international-school, falling 
back to basic query: {
  code: 'PGRST200',
  details: "Searched for a foreign key relationship between 'schools' and 
'school_fees' in the schema 'public', but no matches were found.",
  hint: "Perhaps you meant 'school_types' instead of 'school_fees'.",
  message: "Could not find a relationship between 'schools' and 'school_fees' 
in the schema cache"
}
 Γ£ô Generating static pages using 15 workers (157/157) in 5.2s
   Finalizing page optimization ...

Route (app)
Γöî Γùï /
Γö£ Γùï /_not-found
Γö£ Γùï /about
Γö£ Γùï /age-calculator
Γö£ Γùï /age-groups
Γö£ ΓùÅ /age-groups/[slug]
Γöé Γö£ /age-groups/preschool
Γöé Γö£ /age-groups/primary
Γöé Γö£ /age-groups/secondary
Γöé Γöö [+2 more paths]
Γö£ ╞Æ /api/age-calculator
Γö£ ╞Æ /api/age-groups
Γö£ ╞Æ /api/applications
Γö£ ╞Æ /api/boards
Γö£ ╞Æ /api/cities
Γö£ ╞Æ /api/cities-list
Γö£ ╞Æ /api/counselor-booking
Γö£ ╞Æ /api/discover-filters
Γö£ ╞Æ /api/fee-ranges
Γö£ ╞Æ /api/free-counselling-booking
Γö£ ╞Æ /api/journey
Γö£ ╞Æ /api/points-calculator
Γö£ ╞Æ /api/quiz-answers
Γö£ ╞Æ /api/school-comparison
Γö£ ╞Æ /api/school-types
Γö£ ╞Æ /api/schools/by-city
Γö£ ╞Æ /api/schools/by-state
Γö£ ╞Æ /api/schools/discovery
Γö£ ╞Æ /api/schools/filters
Γö£ ╞Æ /api/schools/search
Γö£ ╞Æ /api/states
Γö£ ╞Æ /api/top-schools
Γö£ ╞Æ /api/user/preferences
Γö£ ╞Æ /api/user/saved-schools
Γö£ Γùï /boards
Γö£ ΓùÅ /boards/[slug]
Γöé Γö£ /boards/cambridge
Γöé Γö£ /boards/cbse
Γöé Γö£ /boards/ib
Γöé Γöö [+5 more paths]
Γö£ Γùï /careers
Γö£ Γùï /cities
Γö£ ΓùÅ /cities/[slug]
Γöé Γö£ /cities/delhi-ncr
Γöé Γö£ /cities/mumbai
Γöé Γö£ /cities/bangalore
Γöé Γöö [+8 more paths]
Γö£ Γùï /common-application
Γö£ Γùï /compare
Γö£ Γùï /contact
Γö£ Γùï /counselor-connect
Γö£ Γùï /dashboard
Γö£ Γùï /discover
Γö£ Γùï /fees
Γö£ ΓùÅ /fees/[slug]
Γöé Γö£ /fees/under-50k
Γöé Γö£ /fees/50k-1lakh
Γöé Γö£ /fees/1-2lakh
Γöé Γöö [+2 more paths]
Γö£ Γùï /free-counselling
Γö£ Γùï /journey
Γö£ Γùï /partner
Γö£ Γùï /points-calculator
Γö£ Γùï /privacy
Γö£ Γùï /school-types
Γö£ ΓùÅ /school-types/[slug]
Γöé Γö£ /school-types/co-educational
Γöé Γö£ /school-types/boys-only
Γöé Γö£ /school-types/girls-only
Γöé Γöö [+2 more paths]
Γö£ ╞Æ /schools
Γö£ ΓùÅ /schools/[slug]
Γöé Γö£ /schools/national-public-school-bangalore
Γöé Γö£ /schools/amity-international-school-noida
Γöé Γö£ /schools/ryan-international-school-mumbai
Γöé Γöö [+44 more paths]
Γö£ ╞Æ /schools/state/[state]
Γö£ ╞Æ /schools/state/[state]/[city]
Γö£ Γùï /smart-recommender
Γö£ Γùï /states
Γö£ ΓùÅ /states/[slug]
Γöé Γö£ /states/andhra-pradesh
Γöé Γö£ /states/arunachal-pradesh
Γöé Γö£ /states/assam
Γöé Γöö [+7 more paths]
Γö£ Γùï /terms
Γöö Γùï /test-image


Γùï  (Static)   prerendered as static content
ΓùÅ  (SSG)      prerendered as static HTML (uses generateStaticParams)
╞Æ  (Dynamic)  server-rendered on demand

